 
 -------------- celery@techpark-5 v5.4.0 (opalescent)
--- ***** ----- 
-- ******* ---- Linux-6.17.0-22-generic-x86_64-with-glibc2.39 2026-04-27 11:17:12
- *** --- * --- 
- ** ---------- [config]
- ** ---------- .> app:         vaidyaai:0x734f671c59d0
- ** ---------- .> transport:   redis://localhost:6379/0
- ** ---------- .> results:     redis://localhost:6379/1
- *** --- * --- .> concurrency: 24 (prefork)
-- ******* ---- .> task events: OFF (enable -E to monitor tasks in this worker)
--- ***** ----- 
 -------------- [queues]
                .> claims           exchange=claims(direct) key=claims
                .> images           exchange=images(direct) key=images
                .> reports          exchange=reports(direct) key=reports

[tasks]
  . app.workers.claim_tasks.verify_claim
  . app.workers.image_tasks.analyze_image
  . app.workers.report_tasks.analyze_report

[2026-04-27 11:17:14,415: WARNING/MainProcess] /home/techpark-5/Documents/vadiyaaAI/.venv/lib/python3.12/site-packages/celery/worker/consumer/consumer.py:508: CPendingDeprecationWarning: The broker_connection_retry configuration setting will no longer determine
whether broker connection retries are made during startup in Celery 6.0 and above.
If you wish to retain the existing behavior for retrying connections on startup,
you should set broker_connection_retry_on_startup to True.
  warnings.warn(

[2026-04-27 11:17:14,421: INFO/MainProcess] Connected to redis://localhost:6379/0
[2026-04-27 11:17:14,422: WARNING/MainProcess] /home/techpark-5/Documents/vadiyaaAI/.venv/lib/python3.12/site-packages/celery/worker/consumer/consumer.py:508: CPendingDeprecationWarning: The broker_connection_retry configuration setting will no longer determine
whether broker connection retries are made during startup in Celery 6.0 and above.
If you wish to retain the existing behavior for retrying connections on startup,
you should set broker_connection_retry_on_startup to True.
  warnings.warn(

[2026-04-27 11:17:14,422: INFO/MainProcess] mingle: searching for neighbors
[2026-04-27 11:17:15,427: INFO/MainProcess] mingle: all alone
[2026-04-27 11:17:15,433: INFO/MainProcess] celery@techpark-5 ready.
[2026-04-27 11:17:15,434: INFO/MainProcess] Task app.workers.report_tasks.analyze_report[7dc085e3-7a8c-4cf5-b19e-7f0abc08a975] received
[2026-04-27 11:17:15,434: INFO/MainProcess] Task app.workers.image_tasks.analyze_image[318287c1-797f-476b-93c0-3cef2b065636] received
[2026-04-27 11:17:15,435: INFO/MainProcess] Task app.workers.report_tasks.analyze_report[04c7fca8-0dbf-416a-81fe-9d0a5f52ab3c] received
[2026-04-27 11:17:15,435: INFO/MainProcess] Task app.workers.image_tasks.analyze_image[50b3fef4-7dee-49fb-8561-2cfe339263ec] received
[2026-04-27 11:17:15,435: INFO/MainProcess] Task app.workers.report_tasks.analyze_report[608bc0f3-99b6-4772-81b8-c4ebe18f70c4] received
[2026-04-27 11:17:15,436: INFO/MainProcess] Task app.workers.image_tasks.analyze_image[af2f01bf-7b77-49dd-b028-9bdd991286b0] received
[2026-04-27 11:17:15,436: INFO/MainProcess] Task app.workers.report_tasks.analyze_report[3455522b-5004-409c-bb1d-e6c4e89d2253] received
[2026-04-27 11:17:15,437: INFO/MainProcess] Task app.workers.image_tasks.analyze_image[7359af75-ce80-40ef-a618-f0cc25837c4c] received
[2026-04-27 11:17:15,438: ERROR/ForkPoolWorker-16] CSV parse failed: [Errno 2] No such file or directory: '/tmp/vaidyaai/uploads/reports/a00a5096-0e04-4a10-90ac-adb8e914833c/2029ed0c-72f6-447e-b1c5-d054ec465304.csv'
[2026-04-27 11:17:15,438: ERROR/ForkPoolWorker-15] CSV parse failed: [Errno 2] No such file or directory: '/tmp/vaidyaai/uploads/reports/f5ddf276-8705-461a-afa4-b6a16b92c0e0/36d100db-7409-4d11-8ce0-a2285dfacff7.csv'
[2026-04-27 11:17:15,439: WARNING/ForkPoolWorker-15] OCR partial failure: CSV parse failed: [Errno 2] No such file or directory: '/tmp/vaidyaai/uploads/reports/f5ddf276-8705-461a-afa4-b6a16b92c0e0/36d100db-7409-4d11-8ce0-a2285dfacff7.csv'
[2026-04-27 11:17:15,439: WARNING/ForkPoolWorker-16] OCR partial failure: CSV parse failed: [Errno 2] No such file or directory: '/tmp/vaidyaai/uploads/reports/a00a5096-0e04-4a10-90ac-adb8e914833c/2029ed0c-72f6-447e-b1c5-d054ec465304.csv'
[2026-04-27 11:17:15,439: INFO/MainProcess] Task app.workers.report_tasks.analyze_report[314511ea-f4b1-4f75-9df0-4880d34c4e72] received
[2026-04-27 11:17:15,439: ERROR/ForkPoolWorker-14] CSV parse failed: [Errno 2] No such file or directory: '/tmp/vaidyaai/uploads/reports/2f164532-a898-465b-a883-667b667fe77b/ed6c1228-5a4b-4a74-97ae-0ba9dc3ed6c8.csv'
[2026-04-27 11:17:15,439: WARNING/ForkPoolWorker-14] OCR partial failure: CSV parse failed: [Errno 2] No such file or directory: '/tmp/vaidyaai/uploads/reports/2f164532-a898-465b-a883-667b667fe77b/ed6c1228-5a4b-4a74-97ae-0ba9dc3ed6c8.csv'
[2026-04-27 11:17:15,439: ERROR/ForkPoolWorker-15] analyze_report failed for f5ddf276-8705-461a-afa4-b6a16b92c0e0: pkl not found: /home/techpark-5/Documents/vadiyaaAI/app/ml/models/xgb_calibrated.pkl. Copy Shree's pkl files into app/ml/models/
[2026-04-27 11:17:15,439: INFO/MainProcess] Task app.workers.image_tasks.analyze_image[63a9524f-20f1-4a79-ab42-5eb44d1b52ee] received
[2026-04-27 11:17:15,439: ERROR/ForkPoolWorker-16] analyze_report failed for a00a5096-0e04-4a10-90ac-adb8e914833c: pkl not found: /home/techpark-5/Documents/vadiyaaAI/app/ml/models/xgb_calibrated.pkl. Copy Shree's pkl files into app/ml/models/
[2026-04-27 11:17:15,440: ERROR/ForkPoolWorker-14] analyze_report failed for 2f164532-a898-465b-a883-667b667fe77b: pkl not found: /home/techpark-5/Documents/vadiyaaAI/app/ml/models/xgb_calibrated.pkl. Copy Shree's pkl files into app/ml/models/
[2026-04-27 11:17:15,441: INFO/MainProcess] Task app.workers.report_tasks.analyze_report[4048e393-9597-4e4e-9d4a-7bc0c33a9ea8] received
[2026-04-27 11:17:15,441: ERROR/ForkPoolWorker-17] CSV parse failed: [Errno 2] No such file or directory: '/tmp/vaidyaai/uploads/reports/ca4888be-5751-4722-80a8-72f8e988eb77/2a66c968-9bc9-4e76-a3d8-18cd476b2163.csv'
[2026-04-27 11:17:15,441: WARNING/ForkPoolWorker-17] OCR partial failure: CSV parse failed: [Errno 2] No such file or directory: '/tmp/vaidyaai/uploads/reports/ca4888be-5751-4722-80a8-72f8e988eb77/2a66c968-9bc9-4e76-a3d8-18cd476b2163.csv'
[2026-04-27 11:17:15,442: INFO/MainProcess] Task app.workers.image_tasks.analyze_image[ffeb2e65-0e58-47b9-87bc-6e89cd66fcba] received
[2026-04-27 11:17:15,442: INFO/MainProcess] Task app.workers.report_tasks.analyze_report[418eabb1-3d75-406f-bdb0-413f07fc552a] received
[2026-04-27 11:17:15,443: ERROR/ForkPoolWorker-17] analyze_report failed for ca4888be-5751-4722-80a8-72f8e988eb77: pkl not found: /home/techpark-5/Documents/vadiyaaAI/app/ml/models/xgb_calibrated.pkl. Copy Shree's pkl files into app/ml/models/
[2026-04-27 11:17:15,443: INFO/MainProcess] Task app.workers.image_tasks.analyze_image[7f6440e8-fe34-4a89-9e80-a5f63e78a1d3] received
[2026-04-27 11:17:15,444: ERROR/ForkPoolWorker-18] CSV parse failed: [Errno 2] No such file or directory: '/tmp/vaidyaai/uploads/reports/74cf27d3-cf5c-4692-b8cb-e7c758678da6/83db1b5a-9686-45fb-ab4a-6b45283db5e1.csv'
[2026-04-27 11:17:15,444: WARNING/ForkPoolWorker-18] OCR partial failure: CSV parse failed: [Errno 2] No such file or directory: '/tmp/vaidyaai/uploads/reports/74cf27d3-cf5c-4692-b8cb-e7c758678da6/83db1b5a-9686-45fb-ab4a-6b45283db5e1.csv'
[2026-04-27 11:17:15,444: INFO/MainProcess] Task app.workers.report_tasks.analyze_report[44db01c8-ec43-4d7d-80ab-1a14574395fb] received
[2026-04-27 11:17:15,445: ERROR/ForkPoolWorker-19] CSV parse failed: [Errno 2] No such file or directory: '/tmp/vaidyaai/uploads/reports/d7c2e231-0be1-4c4f-bb9e-fb1a7ad93b6a/4c2bf97d-59d7-4a42-926a-1170bee188c4.csv'
[2026-04-27 11:17:15,445: WARNING/ForkPoolWorker-19] OCR partial failure: CSV parse failed: [Errno 2] No such file or directory: '/tmp/vaidyaai/uploads/reports/d7c2e231-0be1-4c4f-bb9e-fb1a7ad93b6a/4c2bf97d-59d7-4a42-926a-1170bee188c4.csv'
[2026-04-27 11:17:15,445: INFO/MainProcess] Task app.workers.report_tasks.analyze_report[48c528d2-e08d-4c21-ae51-471ff7cd76f9] received
[2026-04-27 11:17:15,445: ERROR/ForkPoolWorker-18] analyze_report failed for 74cf27d3-cf5c-4692-b8cb-e7c758678da6: pkl not found: /home/techpark-5/Documents/vadiyaaAI/app/ml/models/xgb_calibrated.pkl. Copy Shree's pkl files into app/ml/models/
[2026-04-27 11:17:15,445: INFO/MainProcess] Task app.workers.report_tasks.analyze_report[232faa5c-dcb0-42cc-a21f-1981adafc19d] received
[2026-04-27 11:17:15,445: ERROR/ForkPoolWorker-19] analyze_report failed for d7c2e231-0be1-4c4f-bb9e-fb1a7ad93b6a: pkl not found: /home/techpark-5/Documents/vadiyaaAI/app/ml/models/xgb_calibrated.pkl. Copy Shree's pkl files into app/ml/models/
[2026-04-27 11:17:15,446: INFO/MainProcess] Task app.workers.report_tasks.analyze_report[252abbce-0032-4d1f-9d46-bb5af6bf2bc5] received
[2026-04-27 11:17:15,446: ERROR/ForkPoolWorker-20] CSV parse failed: [Errno 2] No such file or directory: '/tmp/vaidyaai/uploads/reports/588c5625-135f-42a4-bbfa-b89a737b2ae4/6401b328-efcd-4bf3-be10-7127ea46f921.csv'
[2026-04-27 11:17:15,446: WARNING/ForkPoolWorker-20] OCR partial failure: CSV parse failed: [Errno 2] No such file or directory: '/tmp/vaidyaai/uploads/reports/588c5625-135f-42a4-bbfa-b89a737b2ae4/6401b328-efcd-4bf3-be10-7127ea46f921.csv'
[2026-04-27 11:17:15,447: INFO/MainProcess] Task app.workers.claim_tasks.verify_claim[de3337d8-f782-4f01-b4da-e5163e728cdc] received
[2026-04-27 11:17:15,447: ERROR/ForkPoolWorker-20] analyze_report failed for 588c5625-135f-42a4-bbfa-b89a737b2ae4: pkl not found: /home/techpark-5/Documents/vadiyaaAI/app/ml/models/xgb_calibrated.pkl. Copy Shree's pkl files into app/ml/models/
[2026-04-27 11:17:15,447: INFO/MainProcess] Task app.workers.claim_tasks.verify_claim[f55a9d42-8abf-4489-a0ba-8ed0049e8f87] received
[2026-04-27 11:17:15,448: INFO/MainProcess] Task app.workers.claim_tasks.verify_claim[74a0e6a0-cffb-478a-875c-805349e1b8cc] received
[2026-04-27 11:17:15,449: INFO/MainProcess] Task app.workers.claim_tasks.verify_claim[a45dc856-3b51-46cd-a20f-02c580236ea6] received
[2026-04-27 11:17:15,450: INFO/ForkPoolWorker-24] [Phase 1] RAG stub — ChromaDB not connected. Query: Aspirin reduces the risk of heart attack in adults over 50 w
[2026-04-27 11:17:15,450: INFO/ForkPoolWorker-9] [Phase 1] RAG stub — ChromaDB not connected. Query: Aspirin reduces the risk of heart attack in adults over 50 w
[2026-04-27 11:17:15,450: INFO/MainProcess] Task app.workers.claim_tasks.verify_claim[4474adfa-53fc-4837-9867-17f09b643ced] received
[2026-04-27 11:17:15,451: INFO/MainProcess] Task app.workers.claim_tasks.verify_claim[38101b25-6322-403f-83b3-eaf3da684655] received
[2026-04-27 11:17:15,451: INFO/ForkPoolWorker-10] [Phase 1] RAG stub — ChromaDB not connected. Query: Aspirin reduces the risk of heart attack in adults over 50 w
[2026-04-27 11:17:15,452: INFO/MainProcess] Task app.workers.claim_tasks.verify_claim[d85e24a2-5d47-424b-8646-336023419ec8] received
[2026-04-27 11:17:15,453: INFO/MainProcess] Task app.workers.claim_tasks.verify_claim[106dbdcd-c658-4160-b775-fe4d77222c1a] received
[2026-04-27 11:17:15,453: INFO/ForkPoolWorker-11] [Phase 1] RAG stub — ChromaDB not connected. Query: Aspirin reduces the risk of heart attack in adults over 50 w
[2026-04-27 11:17:15,453: INFO/MainProcess] Task app.workers.claim_tasks.verify_claim[0448b897-11e9-49c2-b77e-d3aacd686361] received
[2026-04-27 11:17:15,454: INFO/MainProcess] Task app.workers.claim_tasks.verify_claim[a961c098-ec29-4387-8cf3-cf10a8ea4300] received
[2026-04-27 11:17:15,454: INFO/ForkPoolWorker-12] [Phase 1] RAG stub — ChromaDB not connected. Query: Aspirin reduces the risk of heart attack in adults over 50 w
[2026-04-27 11:17:15,455: INFO/MainProcess] Task app.workers.claim_tasks.verify_claim[f3a2d228-81f6-4740-b75d-e0dde6b08ef6] received
[2026-04-27 11:17:15,455: INFO/MainProcess] Task app.workers.claim_tasks.verify_claim[004916ab-f84d-4f5d-9ac5-4abee8090fb6] received
[2026-04-27 11:17:15,455: INFO/MainProcess] Task app.workers.claim_tasks.verify_claim[dec072e6-3773-4907-a78f-e01600227483] received
[2026-04-27 11:17:15,456: INFO/MainProcess] Task app.workers.claim_tasks.verify_claim[0fbd98c1-a23c-4212-a4ed-d9ea77bd6027] received
[2026-04-27 11:17:15,456: INFO/MainProcess] Task app.workers.claim_tasks.verify_claim[42c8d9bd-9742-4eb6-b7fb-275b6c6b58e0] received
[2026-04-27 11:17:15,456: INFO/MainProcess] Task app.workers.claim_tasks.verify_claim[2d67d53a-756c-47ac-a443-b21ec40be0ba] received
[2026-04-27 11:17:15,457: INFO/MainProcess] Task app.workers.claim_tasks.verify_claim[6e538bec-ff8e-4cff-a5bf-c41605bb6c10] received
[2026-04-27 11:17:15,457: INFO/MainProcess] Task app.workers.claim_tasks.verify_claim[b98d997f-8919-4399-bf2b-5b4f01bc6265] received
[2026-04-27 11:17:15,457: INFO/MainProcess] Task app.workers.claim_tasks.verify_claim[8a3c8031-84e8-4bfc-9b5d-149a3fb8d9a6] received
[2026-04-27 11:17:15,458: INFO/ForkPoolWorker-13] [Phase 1] RAG stub — ChromaDB not connected. Query: Aspirin reduces the risk of heart attack in adults over 50 w
[2026-04-27 11:17:15,462: ERROR/ForkPoolWorker-4] DB persist failed for image c69a5ab5-628c-4ea0-bbe1-74192eb3fa8a: column "segmentation_mask" of relation "image_analyses" does not exist
LINE 5:                 segmentation_mask        = NULL,
                        ^

[2026-04-27 11:17:15,462: ERROR/ForkPoolWorker-5] DB persist failed for image f8d35da6-6473-41da-863f-a0734125470e: column "segmentation_mask" of relation "image_analyses" does not exist
LINE 5:                 segmentation_mask        = NULL,
                        ^

[2026-04-27 11:17:15,462: ERROR/ForkPoolWorker-1] DB persist failed for image d7b53a38-d449-470b-9123-28f9f27cd1fe: column "segmentation_mask" of relation "image_analyses" does not exist
LINE 5:                 segmentation_mask        = NULL,
                        ^

[2026-04-27 11:17:15,463: INFO/ForkPoolWorker-4] Task app.workers.image_tasks.analyze_image[7359af75-ce80-40ef-a618-f0cc25837c4c] succeeded in 0.024958556999990833s: {'analysis_id': 'c69a5ab5-628c-4ea0-bbe1-74192eb3fa8a', 'image_type': 'xray', 'status': 'complete', 'dicom_metadata': {}, 'segmentation': {'mask_path': None, 'overlay_path': None, 'roi_bounding_box': {}, 'confidence': 0.0, '_note': 'LiteMedSAM — Phase 2 integration'}, 'classification': {'label': 'pending', 'probabilities': {}, 'top_class': 'pending', 'top_confidence': 0.0, '_note': 'CheXNet/ResNet — Phase 2 integration'}, 'gradcam': {'heatmap_path': None, 'top_regions': [], '_note': 'GradCAM — Phase 2 integration'}, 'sources': [], 'explanation': 'Image analysis pipeline not yet connected (Phase 2). LiteMedSAM + CheXNet + LLM integration pending.', 'confidence_score': 0.0, 'uncertainty_flag': True, 'anomaly_detected': False, 'medical_disclaimer': '⚠️ AI-assisted analysis only. NOT A MEDICAL DIAGNOSIS. Consult a qualified healthcare professional for clinical decisions.', 'processing_time_ms': 4.65, 'completed_at': '2026-04-27T05:47:15.442988'}
[2026-04-27 11:17:15,463: ERROR/ForkPoolWorker-3] DB persist failed for image 855a459b-bf64-4681-ba64-e917cad7fc05: column "segmentation_mask" of relation "image_analyses" does not exist
LINE 5:                 segmentation_mask        = NULL,
                        ^

[2026-04-27 11:17:15,463: ERROR/ForkPoolWorker-7] DB persist failed for image 51b453d8-e753-4216-ac7a-1326c21e8d4d: column "segmentation_mask" of relation "image_analyses" does not exist
LINE 5:                 segmentation_mask        = NULL,
                        ^

[2026-04-27 11:17:15,464: ERROR/ForkPoolWorker-6] DB persist failed for image c06484fe-1497-46c6-97fb-0b8856d63719: column "segmentation_mask" of relation "image_analyses" does not exist
LINE 5:                 segmentation_mask        = NULL,
                        ^

[2026-04-27 11:17:15,465: INFO/ForkPoolWorker-5] Task app.workers.image_tasks.analyze_image[63a9524f-20f1-4a79-ab42-5eb44d1b52ee] succeeded in 0.025022097999681137s: {'analysis_id': 'f8d35da6-6473-41da-863f-a0734125470e', 'image_type': 'xray', 'status': 'complete', 'dicom_metadata': {}, 'segmentation': {'mask_path': None, 'overlay_path': None, 'roi_bounding_box': {}, 'confidence': 0.0, '_note': 'LiteMedSAM — Phase 2 integration'}, 'classification': {'label': 'pending', 'probabilities': {}, 'top_class': 'pending', 'top_confidence': 0.0, '_note': 'CheXNet/ResNet — Phase 2 integration'}, 'gradcam': {'heatmap_path': None, 'top_regions': [], '_note': 'GradCAM — Phase 2 integration'}, 'sources': [], 'explanation': 'Image analysis pipeline not yet connected (Phase 2). LiteMedSAM + CheXNet + LLM integration pending.', 'confidence_score': 0.0, 'uncertainty_flag': True, 'anomaly_detected': False, 'medical_disclaimer': '⚠️ AI-assisted analysis only. NOT A MEDICAL DIAGNOSIS. Consult a qualified healthcare professional for clinical decisions.', 'processing_time_ms': 3.38, 'completed_at': '2026-04-27T05:47:15.443633'}
[2026-04-27 11:17:15,465: ERROR/ForkPoolWorker-2] DB persist failed for image 01c55f64-e7e9-469c-9813-6d21b0bedc25: column "segmentation_mask" of relation "image_analyses" does not exist
LINE 5:                 segmentation_mask        = NULL,
                        ^

[2026-04-27 11:17:15,466: INFO/ForkPoolWorker-1] Task app.workers.image_tasks.analyze_image[318287c1-797f-476b-93c0-3cef2b065636] succeeded in 0.03071291700052825s: {'analysis_id': 'd7b53a38-d449-470b-9123-28f9f27cd1fe', 'image_type': 'xray', 'status': 'complete', 'dicom_metadata': {}, 'segmentation': {'mask_path': None, 'overlay_path': None, 'roi_bounding_box': {}, 'confidence': 0.0, '_note': 'LiteMedSAM — Phase 2 integration'}, 'classification': {'label': 'pending', 'probabilities': {}, 'top_class': 'pending', 'top_confidence': 0.0, '_note': 'CheXNet/ResNet — Phase 2 integration'}, 'gradcam': {'heatmap_path': None, 'top_regions': [], '_note': 'GradCAM — Phase 2 integration'}, 'sources': [], 'explanation': 'Image analysis pipeline not yet connected (Phase 2). LiteMedSAM + CheXNet + LLM integration pending.', 'confidence_score': 0.0, 'uncertainty_flag': True, 'anomaly_detected': False, 'medical_disclaimer': '⚠️ AI-assisted analysis only. NOT A MEDICAL DIAGNOSIS. Consult a qualified healthcare professional for clinical decisions.', 'processing_time_ms': 6.19, 'completed_at': '2026-04-27T05:47:15.441743'}
[2026-04-27 11:17:15,466: INFO/ForkPoolWorker-6] Task app.workers.image_tasks.analyze_image[ffeb2e65-0e58-47b9-87bc-6e89cd66fcba] succeeded in 0.023326534000261745s: {'analysis_id': 'c06484fe-1497-46c6-97fb-0b8856d63719', 'image_type': 'xray', 'status': 'complete', 'dicom_metadata': {}, 'segmentation': {'mask_path': None, 'overlay_path': None, 'roi_bounding_box': {}, 'confidence': 0.0, '_note': 'LiteMedSAM — Phase 2 integration'}, 'classification': {'label': 'pending', 'probabilities': {}, 'top_class': 'pending', 'top_confidence': 0.0, '_note': 'CheXNet/ResNet — Phase 2 integration'}, 'gradcam': {'heatmap_path': None, 'top_regions': [], '_note': 'GradCAM — Phase 2 integration'}, 'sources': [], 'explanation': 'Image analysis pipeline not yet connected (Phase 2). LiteMedSAM + CheXNet + LLM integration pending.', 'confidence_score': 0.0, 'uncertainty_flag': True, 'anomaly_detected': False, 'medical_disclaimer': '⚠️ AI-assisted analysis only. NOT A MEDICAL DIAGNOSIS. Consult a qualified healthcare professional for clinical decisions.', 'processing_time_ms': 3.22, 'completed_at': '2026-04-27T05:47:15.446162'}
[2026-04-27 11:17:15,466: INFO/ForkPoolWorker-7] Task app.workers.image_tasks.analyze_image[7f6440e8-fe34-4a89-9e80-a5f63e78a1d3] succeeded in 0.02231080599995039s: {'analysis_id': '51b453d8-e753-4216-ac7a-1326c21e8d4d', 'image_type': 'xray', 'status': 'complete', 'dicom_metadata': {}, 'segmentation': {'mask_path': None, 'overlay_path': None, 'roi_bounding_box': {}, 'confidence': 0.0, '_note': 'LiteMedSAM — Phase 2 integration'}, 'classification': {'label': 'pending', 'probabilities': {}, 'top_class': 'pending', 'top_confidence': 0.0, '_note': 'CheXNet/ResNet — Phase 2 integration'}, 'gradcam': {'heatmap_path': None, 'top_regions': [], '_note': 'GradCAM — Phase 2 integration'}, 'sources': [], 'explanation': 'Image analysis pipeline not yet connected (Phase 2). LiteMedSAM + CheXNet + LLM integration pending.', 'confidence_score': 0.0, 'uncertainty_flag': True, 'anomaly_detected': False, 'medical_disclaimer': '⚠️ AI-assisted analysis only. NOT A MEDICAL DIAGNOSIS. Consult a qualified healthcare professional for clinical decisions.', 'processing_time_ms': 2.65, 'completed_at': '2026-04-27T05:47:15.447176'}
[2026-04-27 11:17:15,467: INFO/ForkPoolWorker-4] [Phase 1] RAG stub — ChromaDB not connected. Query: Aspirin reduces the risk of heart attack in adults over 50 w
[2026-04-27 11:17:15,467: INFO/ForkPoolWorker-3] Task app.workers.image_tasks.analyze_image[af2f01bf-7b77-49dd-b028-9bdd991286b0] succeeded in 0.03140490299938392s: {'analysis_id': '855a459b-bf64-4681-ba64-e917cad7fc05', 'image_type': 'xray', 'status': 'complete', 'dicom_metadata': {}, 'segmentation': {'mask_path': None, 'overlay_path': None, 'roi_bounding_box': {}, 'confidence': 0.0, '_note': 'LiteMedSAM — Phase 2 integration'}, 'classification': {'label': 'pending', 'probabilities': {}, 'top_class': 'pending', 'top_confidence': 0.0, '_note': 'CheXNet/ResNet — Phase 2 integration'}, 'gradcam': {'heatmap_path': None, 'top_regions': [], '_note': 'GradCAM — Phase 2 integration'}, 'sources': [], 'explanation': 'Image analysis pipeline not yet connected (Phase 2). LiteMedSAM + CheXNet + LLM integration pending.', 'confidence_score': 0.0, 'uncertainty_flag': True, 'anomaly_detected': False, 'medical_disclaimer': '⚠️ AI-assisted analysis only. NOT A MEDICAL DIAGNOSIS. Consult a qualified healthcare professional for clinical decisions.', 'processing_time_ms': 4.09, 'completed_at': '2026-04-27T05:47:15.440738'}
[2026-04-27 11:17:15,468: INFO/ForkPoolWorker-2] Task app.workers.image_tasks.analyze_image[50b3fef4-7dee-49fb-8561-2cfe339263ec] succeeded in 0.032262182000522444s: {'analysis_id': '01c55f64-e7e9-469c-9813-6d21b0bedc25', 'image_type': 'xray', 'status': 'complete', 'dicom_metadata': {}, 'segmentation': {'mask_path': None, 'overlay_path': None, 'roi_bounding_box': {}, 'confidence': 0.0, '_note': 'LiteMedSAM — Phase 2 integration'}, 'classification': {'label': 'pending', 'probabilities': {}, 'top_class': 'pending', 'top_confidence': 0.0, '_note': 'CheXNet/ResNet — Phase 2 integration'}, 'gradcam': {'heatmap_path': None, 'top_regions': [], '_note': 'GradCAM — Phase 2 integration'}, 'sources': [], 'explanation': 'Image analysis pipeline not yet connected (Phase 2). LiteMedSAM + CheXNet + LLM integration pending.', 'confidence_score': 0.0, 'uncertainty_flag': True, 'anomaly_detected': False, 'medical_disclaimer': '⚠️ AI-assisted analysis only. NOT A MEDICAL DIAGNOSIS. Consult a qualified healthcare professional for clinical decisions.', 'processing_time_ms': 6.03, 'completed_at': '2026-04-27T05:47:15.442082'}
[2026-04-27 11:17:15,468: INFO/ForkPoolWorker-5] [Phase 1] RAG stub — ChromaDB not connected. Query: Aspirin reduces the risk of heart attack in adults over 50 w
[2026-04-27 11:17:15,468: INFO/ForkPoolWorker-1] [Phase 1] RAG stub — ChromaDB not connected. Query: Aspirin reduces the risk of heart attack in adults over 50 w
[2026-04-27 11:17:15,468: INFO/ForkPoolWorker-6] [Phase 1] RAG stub — ChromaDB not connected. Query: Aspirin reduces the risk of heart attack in adults over 50 w
[2026-04-27 11:17:15,468: INFO/ForkPoolWorker-7] [Phase 1] RAG stub — ChromaDB not connected. Query: Aspirin reduces the risk of heart attack in adults over 50 w
[2026-04-27 11:17:15,469: INFO/ForkPoolWorker-3] [Phase 1] RAG stub — ChromaDB not connected. Query: Aspirin reduces the risk of heart attack in adults over 50 w
[2026-04-27 11:17:15,469: INFO/ForkPoolWorker-2] [Phase 1] RAG stub — ChromaDB not connected. Query: Aspirin reduces the risk of heart attack in adults over 50 w
[2026-04-27 11:17:15,470: INFO/MainProcess] Task app.workers.report_tasks.analyze_report[4048e393-9597-4e4e-9d4a-7bc0c33a9ea8] received
[2026-04-27 11:17:15,470: INFO/MainProcess] Task app.workers.report_tasks.analyze_report[7dc085e3-7a8c-4cf5-b19e-7f0abc08a975] received
[2026-04-27 11:17:15,471: INFO/MainProcess] Task app.workers.report_tasks.analyze_report[608bc0f3-99b6-4772-81b8-c4ebe18f70c4] received
[2026-04-27 11:17:15,471: INFO/MainProcess] Task app.workers.report_tasks.analyze_report[3455522b-5004-409c-bb1d-e6c4e89d2253] received
[2026-04-27 11:17:15,471: ERROR/ForkPoolWorker-10] DB persist failed for claim 70836e5d-a650-499e-b720-71b00edb9a10: column "retrieved_sources" of relation "claims" does not exist
LINE 5:                 retrieved_sources      = '[]',
                        ^

[2026-04-27 11:17:15,472: INFO/ForkPoolWorker-16] Task app.workers.report_tasks.analyze_report[608bc0f3-99b6-4772-81b8-c4ebe18f70c4] retry: Retry in 5s: FileNotFoundError("pkl not found: /home/techpark-5/Documents/vadiyaaAI/app/ml/models/xgb_calibrated.pkl. Copy Shree's pkl files into app/ml/models/")
[2026-04-27 11:17:15,472: INFO/MainProcess] Task app.workers.report_tasks.analyze_report[04c7fca8-0dbf-416a-81fe-9d0a5f52ab3c] received
[2026-04-27 11:17:15,472: ERROR/ForkPoolWorker-24] DB persist failed for claim 7b16c331-eff0-41eb-821d-8d3dd1704c7a: column "retrieved_sources" of relation "claims" does not exist
LINE 5:                 retrieved_sources      = '[]',
                        ^

[2026-04-27 11:17:15,472: INFO/ForkPoolWorker-17] Task app.workers.report_tasks.analyze_report[3455522b-5004-409c-bb1d-e6c4e89d2253] retry: Retry in 5s: FileNotFoundError("pkl not found: /home/techpark-5/Documents/vadiyaaAI/app/ml/models/xgb_calibrated.pkl. Copy Shree's pkl files into app/ml/models/")
[2026-04-27 11:17:15,472: ERROR/ForkPoolWorker-9] DB persist failed for claim 4e3fd032-cdfb-4a9e-944e-7b23a36c86a7: column "retrieved_sources" of relation "claims" does not exist
LINE 5:                 retrieved_sources      = '[]',
                        ^

[2026-04-27 11:17:15,472: INFO/ForkPoolWorker-19] Task app.workers.report_tasks.analyze_report[4048e393-9597-4e4e-9d4a-7bc0c33a9ea8] retry: Retry in 5s: FileNotFoundError("pkl not found: /home/techpark-5/Documents/vadiyaaAI/app/ml/models/xgb_calibrated.pkl. Copy Shree's pkl files into app/ml/models/")
[2026-04-27 11:17:15,473: INFO/ForkPoolWorker-10] Task app.workers.claim_tasks.verify_claim[74a0e6a0-cffb-478a-875c-805349e1b8cc] succeeded in 0.02364404200034187s: {'claim_id': '70836e5d-a650-499e-b720-71b00edb9a10', 'status': 'complete', 'extracted_entities': {'conditions': ['hypertension'], 'medications': ['aspirin'], 'lab_values': {}, 'procedures': [], '_source': 'keyword-stub-phase1'}, 'verdict': 'uncertain', 'explanation': 'Insufficient sources for verification.', 'sources': [], 'source_count': 0, 'confidence_score': 15.0, 'uncertainty_flag': True, 'hallucination_detected': False, 'hallucination_details': {}, 'shap_values': {}, 'medical_disclaimer': '⚠️ AI-assisted analysis only. NOT A MEDICAL DIAGNOSIS. Consult a qualified healthcare professional for clinical decisions.', 'processing_time_ms': 3.4, 'completed_at': '2026-04-27T05:47:15.452905'}
[2026-04-27 11:17:15,473: ERROR/ForkPoolWorker-11] DB persist failed for claim 4c753cfc-139a-4cc4-8540-6d2a0daf9e9c: column "retrieved_sources" of relation "claims" does not exist
LINE 5:                 retrieved_sources      = '[]',
                        ^

[2026-04-27 11:17:15,474: INFO/ForkPoolWorker-14] Task app.workers.report_tasks.analyze_report[7dc085e3-7a8c-4cf5-b19e-7f0abc08a975] retry: Retry in 5s: FileNotFoundError("pkl not found: /home/techpark-5/Documents/vadiyaaAI/app/ml/models/xgb_calibrated.pkl. Copy Shree's pkl files into app/ml/models/")
[2026-04-27 11:17:15,474: INFO/ForkPoolWorker-15] Task app.workers.report_tasks.analyze_report[04c7fca8-0dbf-416a-81fe-9d0a5f52ab3c] retry: Retry in 5s: FileNotFoundError("pkl not found: /home/techpark-5/Documents/vadiyaaAI/app/ml/models/xgb_calibrated.pkl. Copy Shree's pkl files into app/ml/models/")
[2026-04-27 11:17:15,475: INFO/ForkPoolWorker-11] Task app.workers.claim_tasks.verify_claim[a45dc856-3b51-46cd-a20f-02c580236ea6] succeeded in 0.02415367100002186s: {'claim_id': '4c753cfc-139a-4cc4-8540-6d2a0daf9e9c', 'status': 'complete', 'extracted_entities': {'conditions': ['hypertension'], 'medications': ['aspirin'], 'lab_values': {}, 'procedures': [], '_source': 'keyword-stub-phase1'}, 'verdict': 'uncertain', 'explanation': 'Insufficient sources for verification.', 'sources': [], 'source_count': 0, 'confidence_score': 15.0, 'uncertainty_flag': True, 'hallucination_detected': False, 'hallucination_details': {}, 'shap_values': {}, 'medical_disclaimer': '⚠️ AI-assisted analysis only. NOT A MEDICAL DIAGNOSIS. Consult a qualified healthcare professional for clinical decisions.', 'processing_time_ms': 3.38, 'completed_at': '2026-04-27T05:47:15.454494'}
[2026-04-27 11:17:15,475: INFO/ForkPoolWorker-24] Task app.workers.claim_tasks.verify_claim[f55a9d42-8abf-4489-a0ba-8ed0049e8f87] succeeded in 0.026832426000510168s: {'claim_id': '7b16c331-eff0-41eb-821d-8d3dd1704c7a', 'status': 'complete', 'extracted_entities': {'conditions': ['hypertension'], 'medications': ['aspirin'], 'lab_values': {}, 'procedures': [], '_source': 'keyword-stub-phase1'}, 'verdict': 'uncertain', 'explanation': 'Insufficient sources for verification.', 'sources': [], 'source_count': 0, 'confidence_score': 15.0, 'uncertainty_flag': True, 'hallucination_detected': False, 'hallucination_details': {}, 'shap_values': {}, 'medical_disclaimer': '⚠️ AI-assisted analysis only. NOT A MEDICAL DIAGNOSIS. Consult a qualified healthcare professional for clinical decisions.', 'processing_time_ms': 2.92, 'completed_at': '2026-04-27T05:47:15.451413'}
[2026-04-27 11:17:15,475: INFO/ForkPoolWorker-9] Task app.workers.claim_tasks.verify_claim[de3337d8-f782-4f01-b4da-e5163e728cdc] succeeded in 0.026866705999964324s: {'claim_id': '4e3fd032-cdfb-4a9e-944e-7b23a36c86a7', 'status': 'complete', 'extracted_entities': {'conditions': ['hypertension'], 'medications': ['aspirin'], 'lab_values': {}, 'procedures': [], '_source': 'keyword-stub-phase1'}, 'verdict': 'uncertain', 'explanation': 'Insufficient sources for verification.', 'sources': [], 'source_count': 0, 'confidence_score': 15.0, 'uncertainty_flag': True, 'hallucination_detected': False, 'hallucination_details': {}, 'shap_values': {}, 'medical_disclaimer': '⚠️ AI-assisted analysis only. NOT A MEDICAL DIAGNOSIS. Consult a qualified healthcare professional for clinical decisions.', 'processing_time_ms': 4.78, 'completed_at': '2026-04-27T05:47:15.453171'}
[2026-04-27 11:17:15,475: INFO/ForkPoolWorker-16] [Phase 1] RAG stub — ChromaDB not connected. Query: Aspirin reduces the risk of myocardial infarction by approxi
[2026-04-27 11:17:15,475: ERROR/ForkPoolWorker-4] DB persist failed for claim 17dc8fde-3cdf-4862-880b-be7fae557fa4: column "retrieved_sources" of relation "claims" does not exist
LINE 5:                 retrieved_sources      = '[]',
                        ^

[2026-04-27 11:17:15,475: ERROR/ForkPoolWorker-6] DB persist failed for claim ff8c5ccb-b36e-43d4-b10a-c8bf768d0078: column "retrieved_sources" of relation "claims" does not exist
LINE 5:                 retrieved_sources      = '[]',
                        ^

[2026-04-27 11:17:15,476: INFO/ForkPoolWorker-19] [Phase 1] RAG stub — ChromaDB not connected. Query: Aspirin reduces the risk of myocardial infarction by approxi
[2026-04-27 11:17:15,476: INFO/ForkPoolWorker-17] [Phase 1] RAG stub — ChromaDB not connected. Query: Aspirin reduces the risk of myocardial infarction by approxi
[2026-04-27 11:17:15,476: INFO/MainProcess] Task app.workers.report_tasks.analyze_report[314511ea-f4b1-4f75-9df0-4880d34c4e72] received
[2026-04-27 11:17:15,476: ERROR/ForkPoolWorker-1] DB persist failed for claim 0af79e96-d637-4d23-9cc6-539450eee7f1: column "retrieved_sources" of relation "claims" does not exist
LINE 5:                 retrieved_sources      = '[]',
                        ^

[2026-04-27 11:17:15,476: INFO/ForkPoolWorker-4] Task app.workers.claim_tasks.verify_claim[d85e24a2-5d47-424b-8646-336023419ec8] succeeded in 0.012820216999898548s: {'claim_id': '17dc8fde-3cdf-4862-880b-be7fae557fa4', 'status': 'complete', 'extracted_entities': {'conditions': ['hypertension'], 'medications': ['aspirin'], 'lab_values': {}, 'procedures': [], '_source': 'keyword-stub-phase1'}, 'verdict': 'uncertain', 'explanation': 'Insufficient sources for verification.', 'sources': [], 'source_count': 0, 'confidence_score': 15.0, 'uncertainty_flag': True, 'hallucination_detected': False, 'hallucination_details': {}, 'shap_values': {}, 'medical_disclaimer': '⚠️ AI-assisted analysis only. NOT A MEDICAL DIAGNOSIS. Consult a qualified healthcare professional for clinical decisions.', 'processing_time_ms': 5.37, 'completed_at': '2026-04-27T05:47:15.469204'}
[2026-04-27 11:17:15,476: INFO/ForkPoolWorker-6] Task app.workers.claim_tasks.verify_claim[a961c098-ec29-4387-8cf3-cf10a8ea4300] succeeded in 0.009303867999733484s: {'claim_id': 'ff8c5ccb-b36e-43d4-b10a-c8bf768d0078', 'status': 'complete', 'extracted_entities': {'conditions': ['hypertension'], 'medications': ['aspirin'], 'lab_values': {}, 'procedures': [], '_source': 'keyword-stub-phase1'}, 'verdict': 'uncertain', 'explanation': 'Insufficient sources for verification.', 'sources': [], 'source_count': 0, 'confidence_score': 15.0, 'uncertainty_flag': True, 'hallucination_detected': False, 'hallucination_details': {}, 'shap_values': {}, 'medical_disclaimer': '⚠️ AI-assisted analysis only. NOT A MEDICAL DIAGNOSIS. Consult a qualified healthcare professional for clinical decisions.', 'processing_time_ms': 1.97, 'completed_at': '2026-04-27T05:47:15.469322'}
[2026-04-27 11:17:15,476: ERROR/ForkPoolWorker-3] DB persist failed for claim 100fc4a2-f718-4530-9722-05040fe68817: column "retrieved_sources" of relation "claims" does not exist
LINE 5:                 retrieved_sources      = '[]',
                        ^

[2026-04-27 11:17:15,477: ERROR/ForkPoolWorker-7] DB persist failed for claim 6703cc0d-66fd-429a-8a14-617a126efc6d: column "retrieved_sources" of relation "claims" does not exist
LINE 5:                 retrieved_sources      = '[]',
                        ^

[2026-04-27 11:17:15,477: ERROR/ForkPoolWorker-5] DB persist failed for claim c6d88244-2534-4aed-ae60-aacd76dc748e: column "retrieved_sources" of relation "claims" does not exist
LINE 5:                 retrieved_sources      = '[]',
                        ^

[2026-04-27 11:17:15,477: INFO/ForkPoolWorker-1] Task app.workers.claim_tasks.verify_claim[0448b897-11e9-49c2-b77e-d3aacd686361] succeeded in 0.009866935999525595s: {'claim_id': '0af79e96-d637-4d23-9cc6-539450eee7f1', 'status': 'complete', 'extracted_entities': {'conditions': ['hypertension'], 'medications': ['aspirin'], 'lab_values': {}, 'procedures': [], '_source': 'keyword-stub-phase1'}, 'verdict': 'uncertain', 'explanation': 'Insufficient sources for verification.', 'sources': [], 'source_count': 0, 'confidence_score': 15.0, 'uncertainty_flag': True, 'hallucination_detected': False, 'hallucination_details': {}, 'shap_values': {}, 'medical_disclaimer': '⚠️ AI-assisted analysis only. NOT A MEDICAL DIAGNOSIS. Consult a qualified healthcare professional for clinical decisions.', 'processing_time_ms': 1.92, 'completed_at': '2026-04-27T05:47:15.469305'}
[2026-04-27 11:17:15,477: INFO/ForkPoolWorker-10] [Phase 1] RAG stub — ChromaDB not connected. Query: Aspirin reduces the risk of diabetes

[2026-04-27 11:17:15,477: INFO/ForkPoolWorker-18] Task app.workers.report_tasks.analyze_report[314511ea-f4b1-4f75-9df0-4880d34c4e72] retry: Retry in 5s: FileNotFoundError("pkl not found: /home/techpark-5/Documents/vadiyaaAI/app/ml/models/xgb_calibrated.pkl. Copy Shree's pkl files into app/ml/models/")
[2026-04-27 11:17:15,477: INFO/ForkPoolWorker-3] Task app.workers.claim_tasks.verify_claim[dec072e6-3773-4907-a78f-e01600227483] succeeded in 0.008766105000177049s: {'claim_id': '100fc4a2-f718-4530-9722-05040fe68817', 'status': 'complete', 'extracted_entities': {'conditions': ['hypertension'], 'medications': ['aspirin'], 'lab_values': {}, 'procedures': [], '_source': 'keyword-stub-phase1'}, 'verdict': 'uncertain', 'explanation': 'Insufficient sources for verification.', 'sources': [], 'source_count': 0, 'confidence_score': 15.0, 'uncertainty_flag': True, 'hallucination_detected': False, 'hallucination_details': {}, 'shap_values': {}, 'medical_disclaimer': '⚠️ AI-assisted analysis only. NOT A MEDICAL DIAGNOSIS. Consult a qualified healthcare professional for clinical decisions.', 'processing_time_ms': 1.24, 'completed_at': '2026-04-27T05:47:15.470048'}
[2026-04-27 11:17:15,477: INFO/ForkPoolWorker-7] Task app.workers.claim_tasks.verify_claim[f3a2d228-81f6-4740-b75d-e0dde6b08ef6] succeeded in 0.010332709000067553s: {'claim_id': '6703cc0d-66fd-429a-8a14-617a126efc6d', 'status': 'complete', 'extracted_entities': {'conditions': ['hypertension'], 'medications': ['aspirin'], 'lab_values': {}, 'procedures': [], '_source': 'keyword-stub-phase1'}, 'verdict': 'uncertain', 'explanation': 'Insufficient sources for verification.', 'sources': [], 'source_count': 0, 'confidence_score': 15.0, 'uncertainty_flag': True, 'hallucination_detected': False, 'hallucination_details': {}, 'shap_values': {}, 'medical_disclaimer': '⚠️ AI-assisted analysis only. NOT A MEDICAL DIAGNOSIS. Consult a qualified healthcare professional for clinical decisions.', 'processing_time_ms': 1.99, 'completed_at': '2026-04-27T05:47:15.469898'}
[2026-04-27 11:17:15,477: INFO/ForkPoolWorker-5] Task app.workers.claim_tasks.verify_claim[106dbdcd-c658-4160-b775-fe4d77222c1a] succeeded in 0.011702836000040406s: {'claim_id': 'c6d88244-2534-4aed-ae60-aacd76dc748e', 'status': 'complete', 'extracted_entities': {'conditions': ['hypertension'], 'medications': ['aspirin'], 'lab_values': {}, 'procedures': [], '_source': 'keyword-stub-phase1'}, 'verdict': 'uncertain', 'explanation': 'Insufficient sources for verification.', 'sources': [], 'source_count': 0, 'confidence_score': 15.0, 'uncertainty_flag': True, 'hallucination_detected': False, 'hallucination_details': {}, 'shap_values': {}, 'medical_disclaimer': '⚠️ AI-assisted analysis only. NOT A MEDICAL DIAGNOSIS. Consult a qualified healthcare professional for clinical decisions.', 'processing_time_ms': 3.06, 'completed_at': '2026-04-27T05:47:15.469152'}
[2026-04-27 11:17:15,477: ERROR/ForkPoolWorker-12] DB persist failed for claim ee49def5-d1f0-4bec-af98-c117c644a6a8: column "retrieved_sources" of relation "claims" does not exist
LINE 5:                 retrieved_sources      = '[]',
                        ^

[2026-04-27 11:17:15,477: ERROR/ForkPoolWorker-2] DB persist failed for claim 412d7d1d-f7c8-45d1-b03b-5007c92da3b4: column "retrieved_sources" of relation "claims" does not exist
LINE 5:                 retrieved_sources      = '[]',
                        ^

[2026-04-27 11:17:15,478: INFO/MainProcess] Task app.workers.report_tasks.analyze_report[418eabb1-3d75-406f-bdb0-413f07fc552a] received
[2026-04-27 11:17:15,478: INFO/ForkPoolWorker-20] Task app.workers.report_tasks.analyze_report[418eabb1-3d75-406f-bdb0-413f07fc552a] retry: Retry in 5s: FileNotFoundError("pkl not found: /home/techpark-5/Documents/vadiyaaAI/app/ml/models/xgb_calibrated.pkl. Copy Shree's pkl files into app/ml/models/")
[2026-04-27 11:17:15,478: INFO/ForkPoolWorker-2] Task app.workers.claim_tasks.verify_claim[004916ab-f84d-4f5d-9ac5-4abee8090fb6] succeeded in 0.009618759000659338s: {'claim_id': '412d7d1d-f7c8-45d1-b03b-5007c92da3b4', 'status': 'complete', 'extracted_entities': {'conditions': ['hypertension'], 'medications': ['aspirin'], 'lab_values': {}, 'procedures': [], '_source': 'keyword-stub-phase1'}, 'verdict': 'uncertain', 'explanation': 'Insufficient sources for verification.', 'sources': [], 'source_count': 0, 'confidence_score': 15.0, 'uncertainty_flag': True, 'hallucination_detected': False, 'hallucination_details': {}, 'shap_values': {}, 'medical_disclaimer': '⚠️ AI-assisted analysis only. NOT A MEDICAL DIAGNOSIS. Consult a qualified healthcare professional for clinical decisions.', 'processing_time_ms': 1.64, 'completed_at': '2026-04-27T05:47:15.470623'}
[2026-04-27 11:17:15,478: INFO/ForkPoolWorker-12] Task app.workers.claim_tasks.verify_claim[4474adfa-53fc-4837-9867-17f09b643ced] succeeded in 0.027453501999843866s: {'claim_id': 'ee49def5-d1f0-4bec-af98-c117c644a6a8', 'status': 'complete', 'extracted_entities': {'conditions': ['hypertension'], 'medications': ['aspirin'], 'lab_values': {}, 'procedures': [], '_source': 'keyword-stub-phase1'}, 'verdict': 'uncertain', 'explanation': 'Insufficient sources for verification.', 'sources': [], 'source_count': 0, 'confidence_score': 15.0, 'uncertainty_flag': True, 'hallucination_detected': False, 'hallucination_details': {}, 'shap_values': {}, 'medical_disclaimer': '⚠️ AI-assisted analysis only. NOT A MEDICAL DIAGNOSIS. Consult a qualified healthcare professional for clinical decisions.', 'processing_time_ms': 7.96, 'completed_at': '2026-04-27T05:47:15.459202'}
[2026-04-27 11:17:15,478: INFO/ForkPoolWorker-1] [Phase 1] RAG stub — ChromaDB not connected. Query: Aspirin reduces the risk of myocardial infarction by approxi
[2026-04-27 11:17:15,479: INFO/ForkPoolWorker-14] [Phase 1] RAG stub — ChromaDB not connected. Query: Aspirin reduces the risk of myocardial infarction by approxi
[2026-04-27 11:17:15,481: ERROR/ForkPoolWorker-17] DB persist failed for claim d658dc91-3a14-445b-a82f-b73c4ce30d26: column "retrieved_sources" of relation "claims" does not exist
LINE 5:                 retrieved_sources      = '[]',
                        ^

[2026-04-27 11:17:15,481: ERROR/ForkPoolWorker-13] DB persist failed for claim ea4d01f1-f97b-4e6d-a811-9aa70f6606e8: column "retrieved_sources" of relation "claims" does not exist
LINE 5:                 retrieved_sources      = '[]',
                        ^

[2026-04-27 11:17:15,482: INFO/ForkPoolWorker-17] Task app.workers.claim_tasks.verify_claim[42c8d9bd-9742-4eb6-b7fb-275b6c6b58e0] succeeded in 0.006802018000598764s: {'claim_id': 'd658dc91-3a14-445b-a82f-b73c4ce30d26', 'status': 'complete', 'extracted_entities': {'conditions': [], 'medications': ['aspirin'], 'lab_values': {}, 'procedures': [], '_source': 'keyword-stub-phase1'}, 'verdict': 'uncertain', 'explanation': 'Insufficient sources for verification.', 'sources': [], 'source_count': 0, 'confidence_score': 15.0, 'uncertainty_flag': True, 'hallucination_detected': False, 'hallucination_details': {}, 'shap_values': {}, 'medical_disclaimer': '⚠️ AI-assisted analysis only. NOT A MEDICAL DIAGNOSIS. Consult a qualified healthcare professional for clinical decisions.', 'processing_time_ms': 1.49, 'completed_at': '2026-04-27T05:47:15.477096'}
[2026-04-27 11:17:15,482: ERROR/ForkPoolWorker-19] DB persist failed for claim a656e5c1-d58d-405c-a182-652daaf1f33b: column "retrieved_sources" of relation "claims" does not exist
LINE 5:                 retrieved_sources      = '[]',
                        ^

[2026-04-27 11:17:15,482: INFO/ForkPoolWorker-13] Task app.workers.claim_tasks.verify_claim[38101b25-6322-403f-83b3-eaf3da684655] succeeded in 0.029798546000165516s: {'claim_id': 'ea4d01f1-f97b-4e6d-a811-9aa70f6606e8', 'status': 'complete', 'extracted_entities': {'conditions': ['hypertension'], 'medications': ['aspirin'], 'lab_values': {}, 'procedures': [], '_source': 'keyword-stub-phase1'}, 'verdict': 'uncertain', 'explanation': 'Insufficient sources for verification.', 'sources': [], 'source_count': 0, 'confidence_score': 15.0, 'uncertainty_flag': True, 'hallucination_detected': False, 'hallucination_details': {}, 'shap_values': {}, 'medical_disclaimer': '⚠️ AI-assisted analysis only. NOT A MEDICAL DIAGNOSIS. Consult a qualified healthcare professional for clinical decisions.', 'processing_time_ms': 8.45, 'completed_at': '2026-04-27T05:47:15.461537'}
[2026-04-27 11:17:15,482: ERROR/ForkPoolWorker-16] DB persist failed for claim 25f1af58-a014-4cd3-b554-4b6f6de6761f: column "retrieved_sources" of relation "claims" does not exist
LINE 5:                 retrieved_sources      = '[]',
                        ^

[2026-04-27 11:17:15,482: INFO/ForkPoolWorker-19] Task app.workers.claim_tasks.verify_claim[2d67d53a-756c-47ac-a443-b21ec40be0ba] succeeded in 0.007382001000223681s: {'claim_id': 'a656e5c1-d58d-405c-a182-652daaf1f33b', 'status': 'complete', 'extracted_entities': {'conditions': [], 'medications': ['aspirin'], 'lab_values': {}, 'procedures': [], '_source': 'keyword-stub-phase1'}, 'verdict': 'uncertain', 'explanation': 'Insufficient sources for verification.', 'sources': [], 'source_count': 0, 'confidence_score': 15.0, 'uncertainty_flag': True, 'hallucination_detected': False, 'hallucination_details': {}, 'shap_values': {}, 'medical_disclaimer': '⚠️ AI-assisted analysis only. NOT A MEDICAL DIAGNOSIS. Consult a qualified healthcare professional for clinical decisions.', 'processing_time_ms': 1.13, 'completed_at': '2026-04-27T05:47:15.476765'}
[2026-04-27 11:17:15,483: INFO/ForkPoolWorker-16] Task app.workers.claim_tasks.verify_claim[0fbd98c1-a23c-4212-a4ed-d9ea77bd6027] succeeded in 0.008101790000182518s: {'claim_id': '25f1af58-a014-4cd3-b554-4b6f6de6761f', 'status': 'complete', 'extracted_entities': {'conditions': [], 'medications': ['aspirin'], 'lab_values': {}, 'procedures': [], '_source': 'keyword-stub-phase1'}, 'verdict': 'uncertain', 'explanation': 'Insufficient sources for verification.', 'sources': [], 'source_count': 0, 'confidence_score': 15.0, 'uncertainty_flag': True, 'hallucination_detected': False, 'hallucination_details': {}, 'shap_values': {}, 'medical_disclaimer': '⚠️ AI-assisted analysis only. NOT A MEDICAL DIAGNOSIS. Consult a qualified healthcare professional for clinical decisions.', 'processing_time_ms': 1.4, 'completed_at': '2026-04-27T05:47:15.476764'}
[2026-04-27 11:17:15,483: ERROR/ForkPoolWorker-10] DB persist failed for claim d60119c2-eb6d-4c8f-b2b9-bf428c5fb967: column "retrieved_sources" of relation "claims" does not exist
LINE 5:                 retrieved_sources      = '[]',
                        ^

[2026-04-27 11:17:15,484: INFO/ForkPoolWorker-10] Task app.workers.claim_tasks.verify_claim[6e538bec-ff8e-4cff-a5bf-c41605bb6c10] succeeded in 0.007818119000148727s: {'claim_id': 'd60119c2-eb6d-4c8f-b2b9-bf428c5fb967', 'status': 'complete', 'extracted_entities': {'conditions': ['diabetes'], 'medications': ['aspirin'], 'lab_values': {}, 'procedures': [], '_source': 'keyword-stub-phase1'}, 'verdict': 'uncertain', 'explanation': 'Insufficient sources for verification.', 'sources': [], 'source_count': 0, 'confidence_score': 15.0, 'uncertainty_flag': True, 'hallucination_detected': False, 'hallucination_details': {}, 'shap_values': {}, 'medical_disclaimer': '⚠️ AI-assisted analysis only. NOT A MEDICAL DIAGNOSIS. Consult a qualified healthcare professional for clinical decisions.', 'processing_time_ms': 1.78, 'completed_at': '2026-04-27T05:47:15.478083'}
[2026-04-27 11:17:15,485: ERROR/ForkPoolWorker-1] DB persist failed for claim 378369f7-e8b0-4971-8c75-f7232761da20: column "retrieved_sources" of relation "claims" does not exist
LINE 5:                 retrieved_sources      = '[]',
                        ^

[2026-04-27 11:17:15,485: ERROR/ForkPoolWorker-14] DB persist failed for claim 810c2d8a-f2d8-46d4-83a5-4f8991fdd3d5: column "retrieved_sources" of relation "claims" does not exist
LINE 5:                 retrieved_sources      = '[]',
                        ^

[2026-04-27 11:17:15,485: INFO/ForkPoolWorker-1] Task app.workers.claim_tasks.verify_claim[8a3c8031-84e8-4bfc-9b5d-149a3fb8d9a6] succeeded in 0.007380163000561879s: {'claim_id': '378369f7-e8b0-4971-8c75-f7232761da20', 'status': 'complete', 'extracted_entities': {'conditions': [], 'medications': ['aspirin'], 'lab_values': {}, 'procedures': [], '_source': 'keyword-stub-phase1'}, 'verdict': 'uncertain', 'explanation': 'Insufficient sources for verification.', 'sources': [], 'source_count': 0, 'confidence_score': 15.0, 'uncertainty_flag': True, 'hallucination_detected': False, 'hallucination_details': {}, 'shap_values': {}, 'medical_disclaimer': '⚠️ AI-assisted analysis only. NOT A MEDICAL DIAGNOSIS. Consult a qualified healthcare professional for clinical decisions.', 'processing_time_ms': 0.87, 'completed_at': '2026-04-27T05:47:15.479435'}
[2026-04-27 11:17:15,486: INFO/ForkPoolWorker-14] Task app.workers.claim_tasks.verify_claim[b98d997f-8919-4399-bf2b-5b4f01bc6265] succeeded in 0.007464058000550722s: {'claim_id': '810c2d8a-f2d8-46d4-83a5-4f8991fdd3d5', 'status': 'complete', 'extracted_entities': {'conditions': [], 'medications': ['aspirin'], 'lab_values': {}, 'procedures': [], '_source': 'keyword-stub-phase1'}, 'verdict': 'uncertain', 'explanation': 'Insufficient sources for verification.', 'sources': [], 'source_count': 0, 'confidence_score': 15.0, 'uncertainty_flag': True, 'hallucination_detected': False, 'hallucination_details': {}, 'shap_values': {}, 'medical_disclaimer': '⚠️ AI-assisted analysis only. NOT A MEDICAL DIAGNOSIS. Consult a qualified healthcare professional for clinical decisions.', 'processing_time_ms': 0.9, 'completed_at': '2026-04-27T05:47:15.479481'}
[2026-04-27 11:17:15,570: ERROR/ForkPoolWorker-8] analyze_report failed for e9165161-ff00-494f-bb89-35ec442f205d: pkl not found: /home/techpark-5/Documents/vadiyaaAI/app/ml/models/xgb_calibrated.pkl. Copy Shree's pkl files into app/ml/models/
[2026-04-27 11:17:15,570: ERROR/ForkPoolWorker-23] analyze_report failed for d499b827-bfd7-4e28-a7ba-1caa951c24f6: pkl not found: /home/techpark-5/Documents/vadiyaaAI/app/ml/models/xgb_calibrated.pkl. Copy Shree's pkl files into app/ml/models/
[2026-04-27 11:17:15,570: ERROR/ForkPoolWorker-21] analyze_report failed for 1f21a3ef-9ebb-4059-8814-2874e2ce0c8b: pkl not found: /home/techpark-5/Documents/vadiyaaAI/app/ml/models/xgb_calibrated.pkl. Copy Shree's pkl files into app/ml/models/
